2026-09-15 22:56:40 watching /Users/mattwatier/Repo/Recipe/Recipes/_Outbox every 2s (stable 2s); pid 22778
2026-09-15 22:56:42 stable .md file(s): Atkins Diet - Turkey Meatballs.md, Basque Rabbit with Walnuts and Chocolate.md, Crunchy Oven Fried Chicken.md, Hungarian Stew.md, Tabbouleh.md
2026-09-15 22:56:56   Processing 5 outbox note(s)...
2026-09-15 22:56:56     ok Atkins Diet - Turkey Meatballs.md → Recipes/Dinner/Atkins Diet - Turkey Meatballs.md
2026-09-15 22:56:56     ok Basque Rabbit with Walnuts and Chocolate.md → Recipes/Desserts/When the rabit is tender, renove from sauce.md
2026-09-15 22:56:56     ok Crunchy Oven Fried Chicken.md → Recipes/Dinner/Crunchy Oven Fried Chicken.md
2026-09-15 22:56:56     ok Hungarian Stew.md → Recipes/Dinner/Hungarian Stew.md
2026-09-15 22:56:56     ok Tabbouleh.md → Recipes/_Inbox/Toss Cooked Bulgar with Vegitables and Sauce.md
2026-09-15 22:56:56   {
2026-09-15 22:56:56     "processed": 5,
2026-09-15 22:56:56     "failed": 0,
2026-09-15 22:56:56     "notes": [
2026-09-15 22:56:56       {
2026-09-15 22:56:56         "from": "Recipes/_Outbox/Atkins Diet - Turkey Meatballs.md",
2026-09-15 22:56:56         "to": "Recipes/Dinner/Atkins Diet - Turkey Meatballs.md",
2026-09-15 22:56:56         "ocr": "note"
2026-09-15 22:56:56       },
2026-09-15 22:56:56       {
2026-09-15 22:56:56         "from": "Recipes/_Outbox/Basque Rabbit with Walnuts and Chocolate.md",
2026-09-15 22:56:56         "to": "Recipes/Desserts/When the rabit is tender, renove from sauce.md",
2026-09-15 22:56:56         "ocr": "note"
2026-09-15 22:56:56       },
2026-09-15 22:56:56       {
2026-09-15 22:56:56         "from": "Recipes/_Outbox/Crunchy Oven Fried Chicken.md",
2026-09-15 22:56:56         "to": "Recipes/Dinner/Crunchy Oven Fried Chicken.md",
2026-09-15 22:56:56         "ocr": "note"
2026-09-15 22:56:56       },
2026-09-15 22:56:56       {
2026-09-15 22:56:56         "from": "Recipes/_Outbox/Hungarian Stew.md",
2026-09-15 22:56:56         "to": "Recipes/Dinner/Hungarian Stew.md",
2026-09-15 22:56:56         "ocr": "note"
2026-09-15 22:56:56       },
2026-09-15 22:56:56       {
2026-09-15 22:56:56         "from": "Recipes/_Outbox/Tabbouleh.md",
2026-09-15 22:56:56         "to": "Recipes/_Inbox/Toss Cooked Bulgar with Vegitables and Sauce.md",
2026-09-15 22:56:56         "ocr": "note"
2026-09-15 22:56:56       }
2026-09-15 22:56:56     ],
2026-09-15 22:56:56     "failures": []
2026-09-15 22:56:56   }
2026-09-15 22:56:56 OUTBOX_WATCH processed 5 file(s)
2026-09-16 13:47:46 stable .md file(s): 4t. RePROS.md
2026-09-16 13:47:49   Processing 1 outbox note(s)...
2026-09-16 13:47:49     ok 4t. RePROS.md → Recipes/_Inbox/Pasta + Gram Pilat.md
2026-09-16 13:47:49   {
2026-09-16 13:47:49     "processed": 1,
2026-09-16 13:47:49     "failed": 0,
2026-09-16 13:47:49     "notes": [
2026-09-16 13:47:49       {
2026-09-16 13:47:49         "from": "Recipes/_Outbox/4t. RePROS.md",
2026-09-16 13:47:49         "to": "Recipes/_Inbox/Pasta + Gram Pilat.md",
2026-09-16 13:47:49         "ocr": "note"
2026-09-16 13:47:49       }
2026-09-16 13:47:49     ],
2026-09-16 13:47:49     "failures": []
2026-09-16 13:47:49   }
2026-09-16 13:47:49 OUTBOX_WATCH processed 1 file(s)
2026-09-16 13:52:15 stable .md file(s): Vegetable-Nut Loaf.md
2026-09-16 13:52:16   Processing 1 outbox note(s)...
2026-09-16 13:52:16     ok Vegetable-Nut Loaf.md → Recipes/_Inbox/# Vegetable-Nut Loaf.md
2026-09-16 13:52:16   {
2026-09-16 13:52:16     "processed": 1,
2026-09-16 13:52:16     "failed": 0,
2026-09-16 13:52:16     "notes": [
2026-09-16 13:52:16       {
2026-09-16 13:52:16         "from": "Recipes/_Outbox/Vegetable-Nut Loaf.md",
2026-09-16 13:52:16         "to": "Recipes/_Inbox/# Vegetable-Nut Loaf.md",
2026-09-16 13:52:16         "ocr": "note"
2026-09-16 13:52:16       }
2026-09-16 13:52:16     ],
2026-09-16 13:52:16     "failures": []
2026-09-16 13:52:16   }
2026-09-16 13:52:16 OUTBOX_WATCH processed 1 file(s)
2026-09-16 13:55:46 stable .md file(s): Mushrooms à la Provincial.md
2026-09-16 13:55:46   Processing 1 outbox note(s)...
2026-09-16 13:55:46     ok Mushrooms à la Provincial.md → Recipes/_Inbox/# Mushrooms à la Provençale.md
2026-09-16 13:55:46   {
2026-09-16 13:55:46     "processed": 1,
2026-09-16 13:55:46     "failed": 0,
2026-09-16 13:55:46     "notes": [
2026-09-16 13:55:46       {
2026-09-16 13:55:46         "from": "Recipes/_Outbox/Mushrooms \u00e0 la Provincial.md",
2026-09-16 13:55:46         "to": "Recipes/_Inbox/# Mushrooms \u00e0 la Proven\u00e7ale.md",
2026-09-16 13:55:46         "ocr": "note"
2026-09-16 13:55:46       }
2026-09-16 13:55:46     ],
2026-09-16 13:55:46     "failures": []
2026-09-16 13:55:46   }
2026-09-16 13:55:46 OUTBOX_WATCH processed 1 file(s)
2026-09-16 13:55:58 stable .md file(s): # Vegetable-Nut Loaf.md
2026-09-16 13:55:58   Processing 1 outbox note(s)...
2026-09-16 13:55:58     ok # Vegetable-Nut Loaf.md → Recipes/_Inbox/# Vegetable-Nut Loaf.md
2026-09-16 13:55:58   {
2026-09-16 13:55:58     "processed": 1,
2026-09-16 13:55:58     "failed": 0,
2026-09-16 13:55:58     "notes": [
2026-09-16 13:55:58       {
2026-09-16 13:55:58         "from": "Recipes/_Outbox/# Vegetable-Nut Loaf.md",
2026-09-16 13:55:58         "to": "Recipes/_Inbox/# Vegetable-Nut Loaf.md",
2026-09-16 13:55:58         "ocr": "note"
2026-09-16 13:55:58       }
2026-09-16 13:55:58     ],
2026-09-16 13:55:58     "failures": []
2026-09-16 13:55:58   }
2026-09-16 13:55:58 OUTBOX_WATCH processed 1 file(s)
2026-09-16 13:59:03 stable .md file(s): Mushrooms à la Provençale.md
2026-09-16 13:59:03   Processing 1 outbox note(s)...
2026-09-16 13:59:03     ok Mushrooms à la Provençale.md → Recipes/_Inbox/# Mushrooms à la Provencial.md
2026-09-16 13:59:03   {
2026-09-16 13:59:03     "processed": 1,
2026-09-16 13:59:03     "failed": 0,
2026-09-16 13:59:03     "notes": [
2026-09-16 13:59:03       {
2026-09-16 13:59:03         "from": "Recipes/_Outbox/Mushrooms \u00e0 la Proven\u00e7ale.md",
2026-09-16 13:59:03         "to": "Recipes/_Inbox/# Mushrooms \u00e0 la Provencial.md",
2026-09-16 13:59:03         "ocr": "note"
2026-09-16 13:59:03       }
2026-09-16 13:59:03     ],
2026-09-16 13:59:03     "failures": []
2026-09-16 13:59:03   }
2026-09-16 13:59:03 OUTBOX_WATCH processed 1 file(s)
2026-09-16 13:59:25 stable .md file(s): # Vegetable-Nut Loaf.md
2026-09-16 13:59:25   Processing 1 outbox note(s)...
2026-09-16 13:59:25     ok # Vegetable-Nut Loaf.md → Recipes/_Inbox/# Vegetable-Nut Loaf.md
2026-09-16 13:59:25   {
2026-09-16 13:59:25     "processed": 1,
2026-09-16 13:59:25     "failed": 0,
2026-09-16 13:59:25     "notes": [
2026-09-16 13:59:25       {
2026-09-16 13:59:25         "from": "Recipes/_Outbox/# Vegetable-Nut Loaf.md",
2026-09-16 13:59:25         "to": "Recipes/_Inbox/# Vegetable-Nut Loaf.md",
2026-09-16 13:59:25         "ocr": "note"
2026-09-16 13:59:25       }
2026-09-16 13:59:25     ],
2026-09-16 13:59:25     "failures": []
2026-09-16 13:59:25   }
2026-09-16 13:59:25 OUTBOX_WATCH processed 1 file(s)
2026-09-16 14:00:55 stable .md file(s): When the rabit is tender, renove from sauce.md
2026-09-16 14:00:56   Processing 1 outbox note(s)...
2026-09-16 14:00:56     ok When the rabit is tender, renove from sauce.md → Recipes/Dinner/# Basque Rabbit with Walnuts and Chocolate.md
2026-09-16 14:00:56   {
2026-09-16 14:00:56     "processed": 1,
2026-09-16 14:00:56     "failed": 0,
2026-09-16 14:00:56     "notes": [
2026-09-16 14:00:56       {
2026-09-16 14:00:56         "from": "Recipes/_Outbox/When the rabit is tender, renove from sauce.md",
2026-09-16 14:00:56         "to": "Recipes/Dinner/# Basque Rabbit with Walnuts and Chocolate.md",
2026-09-16 14:00:56         "ocr": "note"
2026-09-16 14:00:56       }
2026-09-16 14:00:56     ],
2026-09-16 14:00:56     "failures": []
2026-09-16 14:00:56   }
2026-09-16 14:00:56 OUTBOX_WATCH processed 1 file(s)
2026-09-16 14:01:30 stable .md file(s): # Basque Rabbit with Walnuts and Chocolate.md
2026-09-16 14:01:30   Processing 1 outbox note(s)...
2026-09-16 14:01:30     ok # Basque Rabbit with Walnuts and Chocolate.md → Recipes/Dinner/# Basque Rabbit with Walnuts and Chocolate.md
2026-09-16 14:01:30   {
2026-09-16 14:01:30     "processed": 1,
2026-09-16 14:01:30     "failed": 0,
2026-09-16 14:01:30     "notes": [
2026-09-16 14:01:30       {
2026-09-16 14:01:30         "from": "Recipes/_Outbox/# Basque Rabbit with Walnuts and Chocolate.md",
2026-09-16 14:01:30         "to": "Recipes/Dinner/# Basque Rabbit with Walnuts and Chocolate.md",
2026-09-16 14:01:30         "ocr": "note"
2026-09-16 14:01:30       }
2026-09-16 14:01:30     ],
2026-09-16 14:01:30     "failures": []
2026-09-16 14:01:30   }
2026-09-16 14:01:30 OUTBOX_WATCH processed 1 file(s)
2026-09-16 14:02:43 watching /Users/mattwatier/Repo/Recipe/Recipes/_Outbox every 2s (stable 2s); pid 25817
2026-09-16 14:04:11 stable .md file(s): # Basque Rabbit with Walnuts and Chocolate.md, Atkins Diet - Turkey Meatballs.md, Crunchy Oven Fried Chicken.md, Hungarian Stew.md
2026-09-16 14:04:13   Processing 4 outbox note(s)...
2026-09-16 14:04:13     ok # Basque Rabbit with Walnuts and Chocolate.md → Recipes/Dinner/Basque Rabbit with Walnuts and Chocolate.md
2026-09-16 14:04:13     ok Atkins Diet - Turkey Meatballs.md → Recipes/Dinner/Atkins Diet - Turkey Meatballs.md
2026-09-16 14:04:13     ok Crunchy Oven Fried Chicken.md → Recipes/Dinner/Crunchy Oven Fried Chicken.md
2026-09-16 14:04:13     ok Hungarian Stew.md → Recipes/Dinner/Hungarian Stew.md
2026-09-16 14:04:13   {
2026-09-16 14:04:13     "processed": 4,
2026-09-16 14:04:13     "failed": 0,
2026-09-16 14:04:13     "notes": [
2026-09-16 14:04:13       {
2026-09-16 14:04:13         "from": "Recipes/_Outbox/# Basque Rabbit with Walnuts and Chocolate.md",
2026-09-16 14:04:13         "to": "Recipes/Dinner/Basque Rabbit with Walnuts and Chocolate.md",
2026-09-16 14:04:13         "ocr": "note"
2026-09-16 14:04:13       },
2026-09-16 14:04:13       {
2026-09-16 14:04:13         "from": "Recipes/_Outbox/Atkins Diet - Turkey Meatballs.md",
2026-09-16 14:04:13         "to": "Recipes/Dinner/Atkins Diet - Turkey Meatballs.md",
2026-09-16 14:04:13         "ocr": "note"
2026-09-16 14:04:13       },
2026-09-16 14:04:13       {
2026-09-16 14:04:13         "from": "Recipes/_Outbox/Crunchy Oven Fried Chicken.md",
2026-09-16 14:04:13         "to": "Recipes/Dinner/Crunchy Oven Fried Chicken.md",
2026-09-16 14:04:13         "ocr": "note"
2026-09-16 14:04:13       },
2026-09-16 14:04:13       {
2026-09-16 14:04:13         "from": "Recipes/_Outbox/Hungarian Stew.md",
2026-09-16 14:04:13         "to": "Recipes/Dinner/Hungarian Stew.md",
2026-09-16 14:04:13         "ocr": "note"
2026-09-16 14:04:13       }
2026-09-16 14:04:13     ],
2026-09-16 14:04:13     "failures": []
2026-09-16 14:04:13   }
2026-09-16 14:04:13 OUTBOX_WATCH processed 4 file(s)
2026-09-16 14:25:58 watching /Users/mattwatier/Repo/Recipe/Recipes/_Outbox every 2s (stable 2s); pid 26389
2026-09-16 14:27:48 stable .md file(s): Zucchini Ragout.md
2026-09-16 14:27:55   Processing 1 outbox note(s)...
2026-09-16 14:27:55     ok Zucchini Ragout.md → Recipes/_Inbox/Zucchini Ragout.md
2026-09-16 14:27:55   {
2026-09-16 14:27:55     "processed": 1,
2026-09-16 14:27:55     "failed": 0,
2026-09-16 14:27:55     "notes": [
2026-09-16 14:27:55       {
2026-09-16 14:27:55         "from": "Recipes/_Outbox/Zucchini Ragout.md",
2026-09-16 14:27:55         "to": "Recipes/_Inbox/Zucchini Ragout.md",
2026-09-16 14:27:55         "ocr": "note"
2026-09-16 14:27:55       }
2026-09-16 14:27:55     ],
2026-09-16 14:27:55     "failures": []
2026-09-16 14:27:55   }
2026-09-16 14:27:55 OUTBOX_WATCH processed 1 file(s)
